// Jest Snapshot v1, https://goo.gl/fbAQLP

exports[`renders a snapshot 1`] = `
<div
  className="App"
>
  <h1>
    Github Profile Info:
  </h1>
  <h2 />
</div>
`;
